                                                                                                                                   
                                                                                                                                   
╭─────────────────────────────────────────────────────────────────────────────────────────────────────────────────────────────────╮
│  Keybindings                                                                                                                    │
│─────────────────────────────────────────────────────────────────────────────────────────────────────────────────────────────────│
│                                                                                                                                 │
│  Actions                         Views                            Navigation                General                             │
│  enter      open tree view       ctrl+j/n   next view             h/l        left/right     ?          toggle help              │
│  r          refresh issues       ctrl+k/p   previous view         j/k        up/down        ctrl+w     toggle chat panel        │
│  y          copy issue ID        ctrl+v     view menu             ^space     search mode    tab        switch chat/board focus  │
│  a          add column           /          search column                                   w          toggle status bar        │
│  e          edit column          ctrl+o     orchestration mode                              esc        go back                  │
│  d          delete column        ctrl+r     resume session                                  ctrl+c     quit                     │
│  ctrl+h     move column left                                                                                                    │
│  ctrl+l     move column right                                                                                                   │
│  ctrl+e     edit issue                                                                                                          │
│  ctrl+d     delete issue                                                                                                        │
│                                                                                                                                 │
│                                                                                                                                 │
│  Press ? or Esc to close                                                                                                        │
╰─────────────────────────────────────────────────────────────────────────────────────────────────────────────────────────────────╯
                                                                                                                                   
                                                                                                                                   
                                                                                                                                   