                                                                                
                                  \│/                                           
      ╔═══════╗   ╔═══════╗   ╔════╲   │   ╱════╗   ╔═══════╗   ╔═══════╗       
      ║       ╠═══╣       ╠═══╣     ╲  │  ╱     ╠═══╣       ╠═══╣       ║       
      ║       ╠═══╣       ╠═══╣     ╱  │  ╲     ╠═══╣       ╠═══╣       ║       
      ╚═══════╝   ╚═══════╝   ╚════╱   │   ╲════╝   ╚═══════╝   ╚═══════╝       
                                  /│\                                           
                                                                                
                                                                                
                Oh no! Looks like there's a break in the chain!                 
                                                                                
              No .beads directory found in the current directory.               
                                                                                
                           Try one of these options:                            
                                                                                
      1. (Recommended) Run xorchestrator from a directory containing .beads/    
     2. Use the --beads-dir flag: xorchestrator --beads-dir /path/to/project    
  3. Run 'xorchestrator init' to create a local config file, then set beads_dir 
    4. Set beads_dir in your config file (~/.config/xorchestrator/config.yaml)  
                                                                                
                                                                                
                                                                                
                                Press q to quit                                 
                                                                                