╭─ ○ COORDINATOR (9000) ─────────────────╮╭─ MESSAGE LOG ──────────────────────╮╭─ ● WORKER-1 xorchestrator-auth.1... ─╮
│                                        ││                                    ││                                      │
│                                        ││                                    ││                                      │
│                                        ││                                    ││                                      │
│                                        ││                                    ││                                      │
│                                        ││                                    ││                                      │
│                                        ││                                    ││                                      │
│                                        ││                                    ││                                      │
│                                        ││                                    ││                                      │
│                                        ││                                    ││Worker                                │
│                                        ││                                    ││Working on OAuth provider             │
│                                        ││                                    ││integration...                        │
│                                        ││                                    │╰──────────────────────────────────────╯
│                                        ││                                    │╭─ ⚠ WORKER-2 ─────────────────────────╮
│                                        ││                                    ││                                      │
│                                        ││                                    ││                                      │
│                                        ││                                    ││                                      │
│                                        ││                                    ││                                      │
│                                        ││                                    ││                                      │
│                                        ││                                    ││                                      │
│                                        ││                                    ││                                      │
│                                        ││                                    ││                                      │
│                                        ││                                    ││                                      │
│                                        ││                                    ││Worker                                │
│                                        ││                                    ││Stopped by user request               │
╰────────────────────────────────────────╯╰────────────────────────────────────╯╰──────────────────────────────────────╯
╭─ COORDINATOR ────────────────────────────────────────────────────────────────────────────────────────────────────────╮
│ [7m [27m                                                                                                                    │
│                                                                                                                      │
╰──────────────────────────────────────────────────────────────────────────────────────────────────────────────────────╯