╭────────────────────────────╮  ╭─ commandpalette ─────────────────────────────────────────────────╮
│ Components                 │  │                                                                  │
│ ────────────────────────── │  │╭─────────────────────────────────────────────────────────────────│
│   vimtextarea              │  │───────────────╮                                                  │
│   modal                    │  │ │ Demo Commands                                                  │
│   formmodal                │  │↑/↓ • Enter • Esc │                                               │
│   panes                    │  │                                                                  │
│   scrollpane               │  ││─────────────────────────────────────────────────────────────────│
│   colorpicker              │  │───────────────│                                                  │
│   picker                   │  │ │ > Search commands...                                           │
│ ● commandpalette           │  ││                                                                 │
│   toaster                  │  │                                                                  │
│   logoverlay               │  ││─────────────────────────────────────────────────────────────────│
│   markdown                 │  │───────────────│                                                  │
│   chainart                 │  │ │>Create Issue                                                   │
│   issuebadge               │  ││                                                                 │
│   Theme Tokens             │  │ │  Open a new issue in the tracker                               │
│                            │  ││                                                                 │
│                            │  │ │                                                                │
│                            │  ││                                                                 │
│                            │  │ │ Search Files                                                   │
│                            │  ││                                                                 │
│                            │  │ │  Find files by name or content                                 │
│                            │  ││                                                                 │
│                            │  │ │                                                                │
│                            │  ││                                                                 │
╰────────────────────────────╯  ╰──────────────────────────────────────────────────────────────────╯
Tab: Switch panes  │  Ctrl+R: Reset  │  Ctrl+C: Quit                                                