╭────────────────────────────────────────────────────────────────────────────────╮
│ Select Item                                                  ↑/↓ • Enter • Esc │
│────────────────────────────────────────────────────────────────────────────────│
│ > Search...                                                                    │
│────────────────────────────────────────────────────────────────────────────────│
│>Item One                                                                       │
│  First item                                                                    │
│                                                                                │
│ Item Two                                                                       │
│  Second item                                                                   │
│                                                                                │
│ Item Three                                                                     │
│  Third item                                                                    │
│                                                                                │
│ Item Four                                                                      │
│  Fourth item                                                                   │
│                                                                                │
│ Item Five                                                                      │
│  Fifth item                                                                    │
│                                     ↓ more                                     │
╰────────────────────────────────────────────────────────────────────────────────╯