╭────────────────────────────────────────────────────────────────────────────────╮
│ > Search...                                                                    │
│────────────────────────────────────────────────────────────────────────────────│
│>Technical Debate                                                               │
│  Structured multi-perspective debate                                           │
│                                                                                │
│ Research Proposal                                                              │
│  Collaborative research with synthesis                                         │
│                                                                                │
│ Code Review                                                                    │
│  Multi-perspective code review                                                 │
│                                                                                │
│                                                                                │
│                                                                                │
│                                                                                │
│                                                                                │
│                                                                                │
│                                                                                │
╰────────────────────────────────────────────────────────────────────────────────╯