╭────────────────────────────────────────────────────────────────────────────────╮
│ Select Workflow                                              ↑/↓ • Enter • Esc │
│────────────────────────────────────────────────────────────────────────────────│
│ > xyz                                                                          │
│────────────────────────────────────────────────────────────────────────────────│
│                                                                                │
│ No matching items                                                              │
│                                                                                │
│                                                                                │
│                                                                                │
│                                                                                │
│                                                                                │
│                                                                                │
│                                                                                │
│                                                                                │
│                                                                                │
│                                                                                │
│                                                                                │
│                                                                                │
│                                                                                │
╰────────────────────────────────────────────────────────────────────────────────╯