╭────────────────────────────────────────────────────────────────────────────────╮
│ Select Workflow                                              ↑/↓ • Enter • Esc │
│────────────────────────────────────────────────────────────────────────────────│
│ > research                                                                     │
│────────────────────────────────────────────────────────────────────────────────│
│>Research Proposal                                                              │
│  Collaborative research with synthesis                                         │
│                                                                                │
│                                                                                │
│                                                                                │
│                                                                                │
│                                                                                │
│                                                                                │
│                                                                                │
│                                                                                │
│                                                                                │
│                                                                                │
│                                                                                │
│                                                                                │
│                                                                                │
╰────────────────────────────────────────────────────────────────────────────────╯