╭─ Details ─ Files ──────────────────────────────╮
│Detail information here.                        │
│More details below.                             │
│                                                │
│                                                │
│                                                │
╰─ Help: ? ──────────────────────────────── 1/3 ─╯