╭─ Overview ─ Comments ──────────────────────────╮
│This is the overview content.                   │
│With multiple lines.                            │
│                                                │
│                                                │
│                                                │
╰────────────────────────────────────────────────╯