╭─ Overview ─ Comments ─ History ──────────────────────────╮
│Comments content                                          │
│                                                          │
│                                                          │
│                                                          │
│                                                          │
╰──────────────────────────────────────────────────────────╯