╭─ Chat ─ Sessions ──────────────────────────────╮
│                                                │
│                                                │
│                                                │
│                                                │
│                                                │
│                                                │
│                                                │
│                                                │
│                                                │
│                                                │
│                                                │
│                                                │
╰────────────────────────────────────────────────╯
╭────────────────────────────────────────────────╮
│ [7m [27m                                              │
│                                                │
│                                                │
│                                                │
╰─ [INSERT] ─────────────────────────────────────╯