╭─ Chat ─ Sessions ──────────────────────────────╮
│                                                │
│                                                │
│                                                │
│                                                │
│                                                │
│                                                │
│                                                │
│                                                │
│                                                │
│                                                │
│                                                │
│                                                │
│                                                │
│You                                             │
│This is a very long message that should wrap    │
│across multiple lines because it exceeds the    │
│width of the viewport area.                     │
╰────────────────────────────────────────────────╯
╭────────────────────────────────────────────────╮
│                                                │
│                                                │
│                                                │
│                                                │
╰─ [INSERT] ─────────────────────────────────────╯