╭─ Chat ─ Sessions ────────────────────────────────────────╮
│                                                          │
│                                                          │
│                                                          │
│                                                          │
│                                                          │
│                                                          │
│                                                          │
│You                                                       │
│Hello                                                     │
│                                                          │
│Assistant                                                 │
│Hi there!                                                 │
╰──────────────────────────────────────────────────────────╯
╭──────────────────────────────────────────────────────────╮
│                                                          │
│                                                          │
│                                                          │
│                                                          │
╰─ [INSERT] ───────────────────────────────────────────────╯