╭─ Chat ─ Sessions ──────────────────────────────╮
│                                                │
│                                                │
│                                                │
│                                                │
│                                                │
│                                                │
│                                                │
│                                                │
│                                                │
│                                                │
│                                                │
│You                                             │
│Hello, how are you?                             │
│                                                │
│Assistant                                       │
│I'm doing well, thank you for asking! How       │
│can I help you today?                           │
╰────────────────────────────────────────────────╯
╭────────────────────────────────────────────────╮
│                                                │
│                                                │
│                                                │
│                                                │
╰─ [INSERT] ─────────────────────────────────────╯